---
source: src/lib.rs
expression: extract_events(&events)
---
[
  {
    "event": {
      "level": "Trace",
      "file": "src/lib.rs",
      "target": "tracing_async2::tests",
      "line": "<line>",
      "name": "event src/lib.rs:<line>",
      "message": "this is a trace message",
      "fields": {
        "bar": 2,
        "foo": 1
      }
    },
    "spans": [
      {
        "level": "INFO",
        "file": "src/lib.rs",
        "target": "tracing_async2::tests",
        "line": "<line>",
        "name": "root-info",
        "fields": {
          "recurse": 0
        }
      }
    ]
  },
  {
    "event": {
      "level": "Debug",
      "file": "src/lib.rs",
      "target": "tracing_async2::tests",
      "line": "<line>",
      "name": "event src/lib.rs:<line>",
      "message": "this is a debug message",
      "fields": {
        "pi": 3.14159265
      }
    },
    "spans": [
      {
        "level": "INFO",
        "file": "src/lib.rs",
        "target": "tracing_async2::tests",
        "line": "<line>",
        "name": "root-info",
        "fields": {
          "recurse": 0
        }
      }
    ]
  },
  {
    "event": {
      "level": "Info",
      "file": "src/lib.rs",
      "target": "tracing_async2::tests",
      "line": "<line>",
      "name": "event src/lib.rs:<line>",
      "message": "this is an info message",
      "fields": {
        "job": "foo"
      }
    },
    "spans": [
      {
        "level": "INFO",
        "file": "src/lib.rs",
        "target": "tracing_async2::tests",
        "line": "<line>",
        "name": "root-info",
        "fields": {
          "recurse": 0
        }
      }
    ]
  },
  {
    "event": {
      "level": "Warn",
      "file": "src/lib.rs",
      "target": "tracing_async2::tests",
      "line": "<line>",
      "name": "event src/lib.rs:<line>",
      "message": "this is a warning message",
      "fields": {
        "job": "foo"
      }
    },
    "spans": [
      {
        "level": "INFO",
        "file": "src/lib.rs",
        "target": "tracing_async2::tests",
        "line": "<line>",
        "name": "root-info",
        "fields": {
          "recurse": 0
        }
      }
    ]
  },
  {
    "event": {
      "level": "Error",
      "file": "src/lib.rs",
      "target": "tracing_async2::tests",
      "line": "<line>",
      "name": "event src/lib.rs:<line>",
      "message": "this is an error message",
      "fields": {
        "job": "foo"
      }
    },
    "spans": [
      {
        "level": "INFO",
        "file": "src/lib.rs",
        "target": "tracing_async2::tests",
        "line": "<line>",
        "name": "root-info",
        "fields": {
          "recurse": 0
        }
      }
    ]
  }
]
